Add your message links from the point you wish to start from or leave it blank.
https://t.me/Sleep_Leaks/850
https://t.me/waves_wuthering/12934
2026-08-11 18:05:15,173 [main] WARNING: Task queue depth is 1
2026-08-11 18:10:26,171 [main] WARNING: Task queue depth is 1
2026-08-12 07:05:03,779 [worker-1] ERROR: Error scraping Telegram: HTTPSConnectionPool(host='t.me', port=443): Read timed out. (read timeout=10)
2026-08-12 08:07:27,726 [worker-0] ERROR: Error scraping Telegram: HTTPSConnectionPool(host='t.me', port=443): Read timed out. (read timeout=10)
2026-08-12 10:15:37,995 [main] WARNING: Task queue depth is 1
2026-08-12 11:32:07,999 [main] WARNING: Task queue depth is 1
2026-08-12 12:04:44,819 [main] WARNING: Could not sync with remote, continuing with local commit
2026-08-12 15:49:32,355 [worker-0] ERROR: Error scraping Telegram: HTTPSConnectionPool(host='t.me', port=443): Read timed out. (read timeout=10)
2026-08-12 23:48:11,865 [main] WARNING: Task queue depth is 1
2026-08-12 23:48:18,360 [main] WARNING: Task queue depth is 2
2026-08-12 23:48:28,314 [main] WARNING: Task queue depth is 1
2026-08-13 06:02:11,397 [main] WARNING: Task queue depth is 1
2026-08-13 09:14:22,407 [main] WARNING: Task queue depth is 1
2026-08-13 18:02:28,268 [main] WARNING: Task queue depth is 1
2026-08-13 23:14:30,409 [main] WARNING: Task queue depth is 1
2026-08-14 06:03:39,717 [main] WARNING: Task queue depth is 1
2026-08-14 08:49:40,749 [main] WARNING: Task queue depth is 1
2026-08-14 08:54:45,751 [main] WARNING: Task queue depth is 1
2026-08-14 08:54:50,791 [main] WARNING: Task queue depth is 2
2026-08-14 08:54:55,832 [main] WARNING: Task queue depth is 1
2026-08-14 08:59:47,360 [main] WARNING: Task queue depth is 1
2026-08-14 08:59:52,403 [main] WARNING: Task queue depth is 2
2026-08-14 11:00:09,384 [worker-0] ERROR: Error scraping Telegram: HTTPSConnectionPool(host='t.me', port=443): Read timed out. (read timeout=10)
2026-08-15 00:06:28,199 [main] WARNING: Task queue depth is 1
2026-08-15 09:39:05,080 [main] WARNING: Task queue depth is 1
2026-08-15 12:03:14,445 [main] WARNING: Task queue depth is 1
2026-08-15 12:13:05,485 [main] WARNING: Task queue depth is 1
2026-08-15 12:18:05,487 [main] WARNING: Task queue depth is 1
2026-08-15 12:23:10,486 [main] WARNING: Task queue depth is 1
2026-08-15 12:28:10,487 [main] WARNING: Task queue depth is 1
2026-08-15 12:28:15,528 [main] WARNING: Task queue depth is 2
2026-08-15 13:18:34,439 [main] WARNING: Task queue depth is 1
2026-08-15 13:23:35,486 [main] WARNING: Task queue depth is 1
2026-08-15 13:28:40,486 [main] WARNING: Task queue depth is 1
2026-08-15 14:08:55,527 [main] WARNING: Task queue depth is 1
2026-08-15 14:13:55,528 [main] WARNING: Task queue depth is 1
2026-08-15 14:29:05,487 [main] WARNING: Task queue depth is 1
2026-08-15 14:34:58,214 [worker-0] ERROR: Error scraping Telegram: HTTPSConnectionPool(host='t.me', port=443): Read timed out. (read timeout=10)
2026-08-15 14:35:17,716 [worker-1] ERROR: Error scraping Telegram: HTTPSConnectionPool(host='t.me', port=443): Read timed out. (read timeout=10)
2026-08-16 00:05:13,139 [main] WARNING: Task queue depth is 1
2026-08-16 00:06:53,080 [main] WARNING: Task queue depth is 1
2026-08-16 01:01:23,698 [main] WARNING: Task queue depth is 1
2026-08-16 01:23:23,081 [main] WARNING: Task queue depth is 1
2026-08-16 01:48:53,080 [main] WARNING: Task queue depth is 1
2026-08-16 03:28:53,148 [main] WARNING: Task queue depth is 1
2026-08-16 04:01:23,377 [main] WARNING: Task queue depth is 1
2026-08-16 21:32:43,981 [main] WARNING: Task queue depth is 1
2026-08-17 04:59:31,957 [main] WARNING: Task queue depth is 1
2026-08-17 06:05:31,940 [main] WARNING: Task queue depth is 1
2026-08-17 06:05:41,965 [main] WARNING: Task queue depth is 2
2026-08-17 07:51:18,514 [main] WARNING: Task queue depth is 1
2026-08-17 09:33:39,845 [worker-0] ERROR: Error scraping Telegram: HTTPSConnectionPool(host='t.me', port=443): Read timed out. (read timeout=10)
2026-08-17 18:06:19,137 [main] WARNING: Task queue depth is 1
2026-08-17 18:11:59,681 [main] WARNING: Task queue depth is 1
2026-08-17 19:29:59,151 [main] WARNING: Task queue depth is 1
2026-08-17 21:30:59,110 [main] WARNING: Task queue depth is 1
2026-08-18 02:32:02,076 [main] WARNING: Task queue depth is 1
2026-08-18 02:37:07,152 [main] WARNING: Task queue depth is 1
2026-08-18 02:42:12,608 [main] WARNING: Task queue depth is 1
2026-08-18 03:03:37,087 [main] WARNING: Task queue depth is 1
2026-08-18 14:20:05,921 [main] WARNING: Task queue depth is 1
2026-08-18 17:14:35,877 [main] WARNING: Task queue depth is 1
2026-08-18 18:05:20,675 [main] WARNING: Task queue depth is 1
2026-08-19 09:58:56,172 [main] WARNING: Task queue depth is 1
2026-08-19 10:54:26,301 [main] WARNING: Task queue depth is 1
2026-08-19 15:19:55,152 [main] WARNING: Task queue depth is 1
2026-08-19 15:24:55,148 [main] WARNING: Task queue depth is 1
2026-08-19 15:30:00,149 [main] WARNING: Task queue depth is 1
2026-08-19 17:22:55,107 [main] WARNING: Task queue depth is 1
2026-08-19 20:25:32,223 [main] WARNING: Task queue depth is 1
2026-08-19 20:25:37,265 [main] WARNING: Task queue depth is 2
2026-08-19 21:36:12,263 [main] WARNING: Task queue depth is 1
2026-08-20 04:03:10,401 [main] WARNING: Task queue depth is 1
2026-08-20 18:40:55,954 [main] WARNING: Task queue depth is 1
2026-08-20 23:33:14,174 [main] WARNING: Task queue depth is 1
2026-08-21 03:03:18,828 [main] WARNING: Task queue depth is 1
2026-08-21 07:48:50,837 [main] WARNING: Task queue depth is 1
2026-08-21 07:53:50,836 [main] WARNING: Task queue depth is 1
2026-08-21 20:47:04,902 [main] WARNING: Task queue depth is 1
2026-08-21 20:47:09,944 [main] WARNING: Task queue depth is 2
2026-08-22 01:08:25,882 [main] WARNING: Task queue depth is 1
2026-08-22 06:04:11,873 [main] WARNING: Task queue depth is 1
2026-08-23 17:43:05,638 [main] WARNING: Task queue depth is 1
2026-08-23 17:48:06,734 [main] WARNING: Task queue depth is 1
2026-08-23 17:53:11,729 [main] WARNING: Task queue depth is 1
2026-08-23 18:00:19,052 [worker-0] ERROR: Error scraping Telegram: HTTPSConnectionPool(host='t.me', port=443): Read timed out. (read timeout=10)
2026-08-23 19:36:19,238 [main] WARNING: Task queue depth is 1
2026-08-23 20:16:29,166 [main] WARNING: Task queue depth is 1
2026-08-23 20:21:29,166 [main] WARNING: Task queue depth is 1
2026-08-23 20:31:31,337 [main] WARNING: Task queue depth is 1
2026-08-24 00:02:18,763 [main] WARNING: Task queue depth is 1
2026-08-24 04:52:57,038 [worker-0] ERROR: Error scraping Telegram: HTTPSConnectionPool(host='t.me', port=443): Read timed out. (read timeout=10)
2026-08-24 18:33:59,814 [main] WARNING: Task queue depth is 1
2026-08-24 18:34:03,680 [main] WARNING: Task queue depth is 2
2026-08-24 18:34:04,855 [main] WARNING: Task queue depth is 3
2026-08-25 00:04:54,983 [main] WARNING: Task queue depth is 1
2026-08-25 06:38:02,446 [main] WARNING: Task queue depth is 1
2026-08-25 09:50:02,579 [main] WARNING: Task queue depth is 1
2026-08-25 11:18:32,446 [main] WARNING: Task queue depth is 1
2026-08-25 11:44:02,768 [main] WARNING: Task queue depth is 1
2026-08-25 13:18:55,342 [main] WARNING: Task queue depth is 1
2026-08-25 15:44:22,616 [worker-1] ERROR: Error scraping Telegram: HTTPSConnectionPool(host='t.me', port=443): Read timed out. (read timeout=10)
2026-08-25 18:05:01,467 [main] WARNING: Task queue depth is 1
2026-08-25 22:32:28,305 [main] WARNING: Task queue depth is 1
2026-08-26 18:04:00,648 [main] WARNING: Task queue depth is 1
2026-08-27 00:04:57,482 [main] WARNING: Task queue depth is 1
2026-08-27 17:14:44,833 [main] WARNING: Task queue depth is 1
2026-08-27 17:14:45,885 [main] WARNING: Task queue depth is 2
2026-08-27 17:14:50,926 [main] WARNING: Task queue depth is 3
2026-08-27 21:14:45,488 [worker-1] ERROR: Error scraping Telegram: HTTPSConnectionPool(host='t.me', port=443): Read timed out. (read timeout=10)
2026-08-28 12:02:07,959 [main] WARNING: Task queue depth is 1
2026-08-29 05:51:03,816 [main] WARNING: Task queue depth is 1
2026-08-30 12:02:02,263 [main] WARNING: Task queue depth is 1
2026-08-31 17:00:33,429 [main] WARNING: Task queue depth is 1
2026-08-31 17:00:43,429 [main] WARNING: Task queue depth is 2
2026-08-31 17:00:53,429 [main] WARNING: Task queue depth is 3
2026-08-31 17:01:03,428 [main] WARNING: Task queue depth is 4
2026-08-31 17:01:13,429 [main] WARNING: Task queue depth is 5
2026-08-31 17:01:23,429 [main] WARNING: Task queue depth is 6
2026-09-01 06:02:13,337 [main] WARNING: Task queue depth is 1
2026-09-01 07:45:24,343 [main] WARNING: Task queue depth is 1
2026-09-01 09:27:24,345 [main] WARNING: Task queue depth is 1
2026-09-01 18:04:17,636 [main] WARNING: Task queue depth is 1
2026-09-01 19:09:27,598 [main] WARNING: Task queue depth is 1
2026-09-01 20:20:57,598 [main] WARNING: Task queue depth is 1
2026-09-01 20:46:27,598 [main] WARNING: Task queue depth is 1
2026-09-01 21:19:57,788 [main] WARNING: Task queue depth is 1
2026-09-01 23:19:27,598 [main] WARNING: Task queue depth is 1
2026-09-02 00:05:02,291 [main] WARNING: Task queue depth is 1
2026-09-02 00:05:12,373 [main] WARNING: Task queue depth is 2
2026-09-02 23:32:34,276 [main] WARNING: Task queue depth is 1
2026-09-03 06:05:31,465 [main] WARNING: Task queue depth is 1
2026-09-03 18:02:38,369 [main] WARNING: Task queue depth is 1
2026-09-04 12:05:27,425 [main] WARNING: Task queue depth is 1
2026-09-05 00:02:31,595 [main] WARNING: Task queue depth is 1
2026-09-05 06:03:34,115 [main] WARNING: Task queue depth is 1
2026-09-05 12:04:30,153 [main] WARNING: Task queue depth is 1
2026-09-05 18:05:26,479 [main] WARNING: Task queue depth is 1
2026-09-05 18:37:32,738 [main] WARNING: Server closed the connection: [Errno 104] Connection reset by peer
2026-09-06 09:12:57,730 [main] WARNING: Task queue depth is 1
2026-09-06 10:09:02,439 [main] INFO: Disgram.log cleared successfully (soft clean)
2026-09-06 10:10:24,749 [main] INFO: Spawning worker 0 for channels: waves_wuthering
2026-09-06 10:10:27,838 [worker-0] INFO: Scraping messages from Telegram channel: waves_wuthering (Attempt 1)
2026-09-06 10:10:30,145 [main] INFO: Spawning worker 1 for channels: Sleep_Leaks
2026-09-06 10:10:33,138 [worker-1] INFO: Scraping messages from Telegram channel: Sleep_Leaks (Attempt 1)
2026-09-06 10:10:35,345 [main] INFO: Completed full cycle. Sleeping for 300 seconds.
2026-09-06 10:15:35,431 [main] INFO: Spawning worker 0 for channels: waves_wuthering
2026-09-06 10:15:38,644 [worker-0] INFO: Scraping messages from Telegram channel: waves_wuthering (Attempt 1)
2026-09-06 10:15:40,743 [main] INFO: Spawning worker 1 for channels: Sleep_Leaks
2026-09-06 10:15:43,742 [worker-1] INFO: Scraping messages from Telegram channel: Sleep_Leaks (Attempt 1)
2026-09-06 10:15:46,043 [main] INFO: Completed full cycle. Sleeping for 300 seconds.
2026-09-06 10:20:46,044 [main] INFO: Spawning worker 0 for channels: waves_wuthering
2026-09-06 10:20:48,835 [worker-0] INFO: Scraping messages from Telegram channel: waves_wuthering (Attempt 1)
2026-09-06 10:20:51,150 [main] INFO: Spawning worker 1 for channels: Sleep_Leaks
2026-09-06 10:20:54,137 [worker-1] INFO: Scraping messages from Telegram channel: Sleep_Leaks (Attempt 1)
2026-09-06 10:20:55,752 [main] INFO: Completed full cycle. Sleeping for 300 seconds.
2026-09-06 10:25:55,753 [main] INFO: Spawning worker 0 for channels: waves_wuthering
2026-09-06 10:25:58,640 [worker-0] INFO: Scraping messages from Telegram channel: waves_wuthering (Attempt 1)
2026-09-06 10:26:00,439 [main] INFO: Spawning worker 1 for channels: Sleep_Leaks
2026-09-06 10:26:03,243 [worker-1] INFO: Scraping messages from Telegram channel: Sleep_Leaks (Attempt 1)
2026-09-06 10:26:05,246 [main] INFO: Completed full cycle. Sleeping for 300 seconds.
2026-09-06 10:28:06,039 [main] INFO: Got difference for channel 1695568528 updates
2026-09-06 10:31:05,247 [main] INFO: Spawning worker 0 for channels: waves_wuthering
2026-09-06 10:31:08,631 [worker-0] INFO: Scraping messages from Telegram channel: waves_wuthering (Attempt 1)
2026-09-06 10:31:10,642 [main] INFO: Spawning worker 1 for channels: Sleep_Leaks
2026-09-06 10:31:13,543 [worker-1] INFO: Scraping messages from Telegram channel: Sleep_Leaks (Attempt 1)
2026-09-06 10:31:15,750 [main] INFO: Completed full cycle. Sleeping for 300 seconds.
2026-09-06 10:36:15,751 [main] INFO: Spawning worker 0 for channels: waves_wuthering
2026-09-06 10:36:18,741 [worker-0] INFO: Scraping messages from Telegram channel: waves_wuthering (Attempt 1)
2026-09-06 10:36:20,738 [main] INFO: Spawning worker 1 for channels: Sleep_Leaks
2026-09-06 10:36:24,043 [worker-1] INFO: Scraping messages from Telegram channel: Sleep_Leaks (Attempt 1)
2026-09-06 10:36:26,240 [main] INFO: Completed full cycle. Sleeping for 300 seconds.
2026-09-06 10:41:26,241 [main] INFO: Spawning worker 0 for channels: waves_wuthering
2026-09-06 10:41:28,938 [worker-0] INFO: Scraping messages from Telegram channel: waves_wuthering (Attempt 1)
2026-09-06 10:41:30,751 [main] INFO: Spawning worker 1 for channels: Sleep_Leaks
2026-09-06 10:41:33,531 [worker-1] INFO: Scraping messages from Telegram channel: Sleep_Leaks (Attempt 1)
2026-09-06 10:41:35,344 [main] INFO: Completed full cycle. Sleeping for 300 seconds.
2026-09-06 10:43:06,171 [main] INFO: Got difference for channel 1695568528 updates
2026-09-06 10:46:35,430 [main] INFO: Spawning worker 0 for channels: waves_wuthering
2026-09-06 10:46:38,334 [worker-0] INFO: Scraping messages from Telegram channel: waves_wuthering (Attempt 1)
2026-09-06 10:46:40,242 [main] INFO: Spawning worker 1 for channels: Sleep_Leaks
2026-09-06 10:46:43,037 [worker-1] INFO: Scraping messages from Telegram channel: Sleep_Leaks (Attempt 1)
2026-09-06 10:46:44,940 [main] INFO: Completed full cycle. Sleeping for 300 seconds.
2026-09-06 10:51:44,940 [main] INFO: Spawning worker 0 for channels: waves_wuthering
2026-09-06 10:51:47,840 [worker-0] INFO: Scraping messages from Telegram channel: waves_wuthering (Attempt 1)
2026-09-06 10:51:49,744 [main] INFO: Spawning worker 1 for channels: Sleep_Leaks
2026-09-06 10:51:52,741 [worker-1] INFO: Scraping messages from Telegram channel: Sleep_Leaks (Attempt 1)
2026-09-06 10:51:54,545 [main] INFO: Completed full cycle. Sleeping for 300 seconds.
2026-09-06 10:56:54,545 [main] INFO: Spawning worker 0 for channels: waves_wuthering
2026-09-06 10:56:57,442 [worker-0] INFO: Scraping messages from Telegram channel: waves_wuthering (Attempt 1)
2026-09-06 10:57:00,052 [main] INFO: Spawning worker 1 for channels: Sleep_Leaks
2026-09-06 10:57:03,042 [worker-1] INFO: Scraping messages from Telegram channel: Sleep_Leaks (Attempt 1)
2026-09-06 10:57:05,141 [main] INFO: Completed full cycle. Sleeping for 300 seconds.
2026-09-06 11:02:05,142 [main] INFO: Spawning worker 0 for channels: waves_wuthering
2026-09-06 11:02:08,945 [worker-0] INFO: Scraping messages from Telegram channel: waves_wuthering (Attempt 1)
2026-09-06 11:02:11,833 [main] INFO: Spawning worker 1 for channels: Sleep_Leaks
2026-09-06 11:02:17,245 [worker-1] INFO: Scraping messages from Telegram channel: Sleep_Leaks (Attempt 1)
2026-09-06 11:02:19,446 [main] INFO: Completed full cycle. Sleeping for 300 seconds.
2026-09-06 11:07:19,455 [main] INFO: Spawning worker 0 for channels: waves_wuthering
2026-09-06 11:07:22,644 [worker-0] INFO: Scraping messages from Telegram channel: waves_wuthering (Attempt 1)
2026-09-06 11:07:25,338 [main] INFO: Spawning worker 1 for channels: Sleep_Leaks
2026-09-06 11:07:28,637 [worker-1] INFO: Scraping messages from Telegram channel: Sleep_Leaks (Attempt 1)
2026-09-06 11:07:30,939 [main] INFO: Completed full cycle. Sleeping for 300 seconds.
2026-09-06 11:12:30,939 [main] INFO: Spawning worker 0 for channels: waves_wuthering
2026-09-06 11:12:33,740 [worker-0] INFO: Scraping messages from Telegram channel: waves_wuthering (Attempt 1)
2026-09-06 11:12:35,842 [main] INFO: Spawning worker 1 for channels: Sleep_Leaks
2026-09-06 11:12:39,054 [worker-1] INFO: Scraping messages from Telegram channel: Sleep_Leaks (Attempt 1)
2026-09-06 11:12:40,946 [main] INFO: Completed full cycle. Sleeping for 300 seconds.
2026-09-06 11:17:40,947 [main] INFO: Spawning worker 0 for channels: waves_wuthering
2026-09-06 11:17:43,947 [worker-0] INFO: Scraping messages from Telegram channel: waves_wuthering (Attempt 1)
2026-09-06 11:17:45,938 [main] INFO: Spawning worker 1 for channels: Sleep_Leaks
2026-09-06 11:17:48,838 [worker-1] INFO: Scraping messages from Telegram channel: Sleep_Leaks (Attempt 1)
2026-09-06 11:17:51,244 [main] INFO: Completed full cycle. Sleeping for 300 seconds.
2026-09-06 11:22:51,245 [main] INFO: Spawning worker 0 for channels: waves_wuthering
2026-09-06 11:22:54,141 [worker-0] INFO: Scraping messages from Telegram channel: waves_wuthering (Attempt 1)
2026-09-06 11:22:56,337 [main] INFO: Spawning worker 1 for channels: Sleep_Leaks
2026-09-06 11:22:59,142 [worker-1] INFO: Scraping messages from Telegram channel: Sleep_Leaks (Attempt 1)
2026-09-06 11:23:01,340 [main] INFO: Completed full cycle. Sleeping for 300 seconds.
2026-09-06 11:28:01,341 [main] INFO: Spawning worker 0 for channels: waves_wuthering
2026-09-06 11:28:04,438 [worker-0] INFO: Scraping messages from Telegram channel: waves_wuthering (Attempt 1)
2026-09-06 11:28:06,044 [worker-0] INFO: New message sent: https://t.me/waves_wuthering/12936
2026-09-06 11:28:07,337 [worker-0] INFO: cryptg detected, it will be used for encryption
2026-09-06 11:28:07,836 [worker-0] INFO: Sending message to Discord: https://t.me/waves_wuthering/12936
2026-09-06 11:28:08,367 [worker-0] INFO: Message sent successfully.
2026-09-06 11:28:10,243 [main] INFO: Spawning worker 1 for channels: Sleep_Leaks
2026-09-06 11:28:13,136 [worker-1] INFO: Scraping messages from Telegram channel: Sleep_Leaks (Attempt 1)
2026-09-06 11:28:15,230 [main] INFO: Completed full cycle. Sleeping for 300 seconds.
2026-09-06 11:33:15,231 [main] INFO: Spawning worker 0 for channels: waves_wuthering
2026-09-06 11:33:18,441 [worker-0] INFO: Scraping messages from Telegram channel: waves_wuthering (Attempt 1)
2026-09-06 11:33:20,845 [main] INFO: Spawning worker 1 for channels: Sleep_Leaks
2026-09-06 11:33:23,951 [worker-1] INFO: Scraping messages from Telegram channel: Sleep_Leaks (Attempt 1)
2026-09-06 11:33:26,143 [main] INFO: Completed full cycle. Sleeping for 300 seconds.
2026-09-06 11:38:26,144 [main] INFO: Spawning worker 0 for channels: waves_wuthering
2026-09-06 11:38:28,742 [worker-0] INFO: Scraping messages from Telegram channel: waves_wuthering (Attempt 1)
2026-09-06 11:38:31,347 [main] INFO: Spawning worker 1 for channels: Sleep_Leaks
2026-09-06 11:38:34,236 [worker-1] INFO: Scraping messages from Telegram channel: Sleep_Leaks (Attempt 1)
2026-09-06 11:38:36,546 [main] INFO: Completed full cycle. Sleeping for 300 seconds.
2026-09-06 11:43:36,547 [main] INFO: Spawning worker 0 for channels: waves_wuthering
2026-09-06 11:43:39,337 [worker-0] INFO: Scraping messages from Telegram channel: waves_wuthering (Attempt 1)
2026-09-06 11:43:41,146 [main] INFO: Spawning worker 1 for channels: Sleep_Leaks
2026-09-06 11:43:44,239 [worker-1] INFO: Scraping messages from Telegram channel: Sleep_Leaks (Attempt 1)
2026-09-06 11:43:46,753 [main] INFO: Completed full cycle. Sleeping for 300 seconds.
2026-09-06 11:48:46,755 [main] INFO: Spawning worker 0 for channels: waves_wuthering
2026-09-06 11:48:49,735 [worker-0] INFO: Scraping messages from Telegram channel: waves_wuthering (Attempt 1)
2026-09-06 11:48:51,851 [main] INFO: Spawning worker 1 for channels: Sleep_Leaks
2026-09-06 11:48:54,637 [worker-1] INFO: Scraping messages from Telegram channel: Sleep_Leaks (Attempt 1)
2026-09-06 11:48:57,053 [main] INFO: Completed full cycle. Sleeping for 300 seconds.
2026-09-06 11:53:57,054 [main] INFO: Spawning worker 0 for channels: waves_wuthering
2026-09-06 11:54:00,334 [worker-0] INFO: Scraping messages from Telegram channel: waves_wuthering (Attempt 1)
2026-09-06 11:54:02,345 [main] INFO: Spawning worker 1 for channels: Sleep_Leaks
2026-09-06 11:54:05,239 [worker-1] INFO: Scraping messages from Telegram channel: Sleep_Leaks (Attempt 1)
2026-09-06 11:54:07,251 [main] INFO: Completed full cycle. Sleeping for 300 seconds.
2026-09-06 11:59:07,252 [main] INFO: Spawning worker 0 for channels: waves_wuthering
2026-09-06 11:59:10,230 [worker-0] INFO: Scraping messages from Telegram channel: waves_wuthering (Attempt 1)
2026-09-06 11:59:12,530 [main] INFO: Spawning worker 1 for channels: Sleep_Leaks
2026-09-06 11:59:16,034 [worker-1] INFO: Scraping messages from Telegram channel: Sleep_Leaks (Attempt 1)
2026-09-06 11:59:18,150 [main] INFO: Completed full cycle. Sleeping for 300 seconds.
2026-09-06 12:02:35,958 [main] INFO: Background commit triggered by scheduled, committing log changes...
2026-09-06 12:02:37,288 [main] INFO: Successfully generated new GitHub App installation token
2026-09-06 12:02:37,297 [main] INFO: Git authentication configured for repository: Telecord-Disgram/KQM-WuWaFeed
2026-09-06 12:02:39,270 [main] INFO: Log files to be committed: Disgram.log
